{
  "data": {
    "completed": true,
    "exportCount": 1,
    "exports": [
      {
        "kind": "Page",
        "imageId": "2305.03393v1-pg9-img-page-000",
        "image": {
          "id": "2305.03393v1-pg9-img-page-000",
          "mediaType": "image/png",
          "width": 1275,
          "height": 1650,
          "dpi": 300,
          "checksum": "2AEAAFDD9A8FECD7CD804B7013264F64AB32AD7A20E85E3AEC7FFA8D7C7EEDDE",
          "pageNumber": 0,
          "pageDpi": 300,
          "sourceRegion": {
            "left": 0,
            "top": 0,
            "right": 1275,
            "bottom": 1650,
            "width": 1275,
            "height": 1650
          }
        }
      }
    ],
    "debugArtifactCount": 0,
    "debugArtifacts": []
  },
  "stage": "image_export",
  "completedAt": "2025-10-12T13:58:03.622586+00:00"
}