{
  "data": {
    "completed": true,
    "markdownLength": 2512,
    "assetCount": 0,
    "metadata": {},
    "markdown": "Opbizized Table Tokenizabion Fol Table Structure Recognitiol Order to cxpute Hhe IHD score, Ihfcrcncc (izing resulks Fol All experimeuts were obtained {roxl Hhe Sanc machinc O11 a Sizgke core with AMD EPYC 7763 CPU @2.45 GHz 5.1 Hvper Parameter Optimization We have chosen Uhe PuN ZabNet data sct to perform HPO , Siuce it includcs \u0026 highly diverse set of tablcs, Also we repoxt \u0027IELD scores soparately For\u0022 simple and couplex tables (tables with cell spans) Results are presented in \u0027able: ||| It is cvident that with (ZXSL, Our\u0022 model achieves the sane \u0027IED) score and slightly better map scorcs il corparison to HZML; However (ISL yiclds a 2; speed up in the inference runtime over HTML Table 1, IIPO perlormed iu OTSL and FITML represcntatiox Ou1 Uhe Sahe translormer-based TableFormer |0 architecture; trained ouly on PubTabNet |22|, DL lects OF reducing Ahe # [ layers in elcoder and decoder slages OF Uhe model show (hal Bualler models trained On (ISL perlortl betker; especially in recoguizing complex table structures; and aintain a much Higher IAP score Hhan the IILML counterpart\n\n5.2 Quantitative Results We picked the model parameter coufguration that produccd the best predictiol quality (cnc=6, dcc=6, heads=8) with PublahNet alone; Hhen iudependently trained and evaluated it on threc publicly available data scts; LublabNet (805k Samples); EinZabNet (I18k samples) and PubZables-1M (about LML samples We picked the model parameter configuration that produced the best prcdictiol quality (cnc=6, dcc=6, heads=8) with PublahNet alone; Hhen iudependently trained and evaluatcd it o1 thrce publicly availablc data scts; PuLIabNct (BO6k Samples , Ein TahNct (LI3k sarplcs) and PuNZables-IM (aboug IML sampkes Performance rcsults arc presented in Iable | IF js clcarly cvidcnt (hak Uhe model trained on (ISL ouper forms HIML across Ahc board;, kceping High IEDs and IAp scorcs cvcll O11 cficult fnancial tables (Ein ZabNct) Uhat coutail sparsc and large tables.\n\nPerformance results arc presented iu Iable | It is clcarly evident (hat (he mode trained on (ZSL outperforms HZML across the board, keeping high \u0027TEDs and mAp scores even1 011 difcult fnancial tables (LiwLabNct) that contaii1 Sparsc and large tables Additionally; the results show that OZSL has an advantage over HZML whel applicd 0x a bigger data Sct |ikc PubZables-LM and achieves siguifcantly improved scores, Einally; OISL achieves Easter inference due to fewer dccoding steps which is a result of the reduced scquencc represcntation\n",
    "assets": []
  },
  "stage": "markdown_serialization",
  "completedAt": "2025-10-12T13:58:03.627039+00:00"
}