{
  "data": {
    "tableCount": 0,
    "tables": []
  },
  "stage": "table_structure",
  "completedAt": "2025-10-01T11:23:52.5682787+00:00"
}