{
  "data": {
    "tableCount": 0,
    "tables": []
  },
  "stage": "table_structure",
  "completedAt": "2025-10-12T04:18:16.048284+00:00"
}