{
  "image": "dataset/golden/v0.12.0/2305.03393v1-pg9/source/2305.03393v1-pg9-img.png",
  "model": "packages/custom/Docling.LayoutSdk.1.0.2/contentFiles/any/any/models/heron-optimized.onnx",
  "metadata": {
    "originalWidth": 1275,
    "originalHeight": 1650,
    "scaledWidth": 495,
    "scaledHeight": 640,
    "scale": 0.3878787878787879,
    "offsetX": 72.0,
    "offsetY": 0.0
  },
  "detections": [
    {
      "classIndex": 6,
      "confidence": 0.20054279267787933,
      "letterboxed": {
        "left": 415.3172779083252,
        "top": 30.31604766845703,
        "width": 224.6827220916748,
        "height": 124.62738037109375
      },
      "page": {
        "left": 885.1148571074009,
        "top": 78.15856039524078,
        "width": 389.8851428925991,
        "height": 321.3049650192261
      },
      "label": "Text"
    },
    {
      "classIndex": 9,
      "confidence": 0.22488060593605042,
      "letterboxed": {
        "left": 511.7799186706543,
        "top": 582.6125621795654,
        "width": 128.2200813293457,
        "height": 57.38743782043457
      },
      "page": {
        "left": 1133.8076028227806,
        "top": 1502.0480118691921,
        "width": 141.1923971772194,
        "height": 147.95198813080788
      },
      "label": "Text"
    },
    {
      "classIndex": 9,
      "confidence": 0.20768527686595917,
      "letterboxed": {
        "left": 420.1696968078613,
        "top": 575.0703716278076,
        "width": 214.3667221069336,
        "height": 64.92962837219238
      },
      "page": {
        "left": 897.6249995827675,
        "top": 1482.6033018529415,
        "width": 377.3750004172325,
        "height": 167.3966981470585
      },
      "label": "Text"
    },
    {
      "classIndex": 9,
      "confidence": 0.21817432343959808,
      "letterboxed": {
        "left": 439.92431640625,
        "top": 584.2187595367432,
        "width": 200.07568359375,
        "height": 55.781240463256836
      },
      "page": {
        "left": 948.5548782348633,
        "top": 1506.188989430666,
        "width": 326.4451217651367,
        "height": 143.81101056933403
      },
      "label": "Text"
    },
    {
      "classIndex": 9,
      "confidence": 0.22683729231357574,
      "letterboxed": {
        "left": 497.1157455444336,
        "top": 36.68910026550293,
        "width": 142.8842544555664,
        "height": 106.69031143188477
      },
      "page": {
        "left": 1096.0015314817429,
        "top": 94.58908662199974,
        "width": 178.99846851825714,
        "height": 275.0609591603279
      },
      "label": "Text"
    },
    {
      "classIndex": 6,
      "confidence": 0.2859291136264801,
      "letterboxed": {
        "left": 416.7472267150879,
        "top": 78.53639602661133,
        "width": 212.67940521240234,
        "height": 238.86730194091797
      },
      "page": {
        "left": 888.801443874836,
        "top": 202.47664600610733,
        "width": 386.19855612516403,
        "height": 615.8297628164291
      },
      "label": "Text"
    },
    {
      "classIndex": 6,
      "confidence": 0.2466079443693161,
      "letterboxed": {
        "left": 508.3494186401367,
        "top": 132.05406188964844,
        "width": 131.65058135986328,
        "height": 161.26930236816406
      },
      "page": {
        "left": 1124.9633449316025,
        "top": 340.4518783092499,
        "width": 150.03665506839752,
        "height": 415.772420167923
      },
      "label": "Text"
    },
    {
      "classIndex": 9,
      "confidence": 0.2040577530860901,
      "letterboxed": {
        "left": 514.1561222076416,
        "top": 482.40392684936523,
        "width": 125.8438777923584,
        "height": 115.13736724853516
      },
      "page": {
        "left": 1139.933752566576,
        "top": 1243.6976239085197,
        "width": 135.066247433424,
        "height": 296.8385249376297
      },
      "label": "Text"
    },
    {
      "classIndex": 9,
      "confidence": 0.20046792924404144,
      "letterboxed": {
        "left": 529.8443984985352,
        "top": 553.4329223632812,
        "width": 84.02473449707031,
        "height": 14.159622192382812
      },
      "page": {
        "left": 1180.380089879036,
        "top": 1426.8192529678345,
        "width": 94.61991012096405,
        "height": 36.50527596473694
      },
      "label": "Text"
    },
    {
      "classIndex": 6,
      "confidence": 0.22612182796001434,
      "letterboxed": {
        "left": 380.2225875854492,
        "top": 313.9655876159668,
        "width": 259.7774124145508,
        "height": 111.78936004638672
      },
      "page": {
        "left": 794.6363586187363,
        "top": 809.4425305724144,
        "width": 480.36364138126373,
        "height": 288.20694386959076
      },
      "label": "Text"
    },
    {
      "classIndex": 9,
      "confidence": 0.20801453292369843,
      "letterboxed": {
        "left": 2.498035430908203,
        "top": 563.4679985046387,
        "width": 55.59837341308594,
        "height": 13.205146789550781
      },
      "page": {
        "left": 0.0,
        "top": 1452.6909336447716,
        "width": 0.0,
        "height": 34.04451906681061
      },
      "label": "Text"
    },
    {
      "classIndex": 9,
      "confidence": 0.20106247067451477,
      "letterboxed": {
        "left": 396.3719940185547,
        "top": 32.23586082458496,
        "width": 243.6280059814453,
        "height": 117.2218132019043
      },
      "page": {
        "left": 836.2715470790863,
        "top": 83.1080786883831,
        "width": 438.7284529209137,
        "height": 302.2124871611595
      },
      "label": "Text"
    },
    {
      "classIndex": 9,
      "confidence": 0.2123870700597763,
      "letterboxed": {
        "left": 320.86907386779785,
        "top": 586.3010787963867,
        "width": 316.6164970397949,
        "height": 53.69892120361328
      },
      "page": {
        "left": 641.6155810654163,
        "top": 1511.5574687719345,
        "width": 633.3844189345837,
        "height": 138.4425312280655
      },
      "label": "Text"
    },
    {
      "classIndex": 6,
      "confidence": 0.25994330644607544,
      "letterboxed": {
        "left": 0.0,
        "top": 475.2020835876465,
        "width": 401.97643280029297,
        "height": 162.64850616455078
      },
      "page": {
        "left": 0.0,
        "top": 1225.130371749401,
        "width": 850.7204908132553,
        "height": 419.3281799554825
      },
      "label": "Text"
    }
  ]
}