{
  "data": {
    "completed": false,
    "blockCount": 0,
    "blocks": []
  },
  "stage": "ocr",
  "completedAt": "2025-10-12T04:59:57.229971+00:00"
}