{
  "data": {
    "completed": true,
    "itemCount": 14,
    "debugOverlayCount": 0,
    "normalisationCount": 1,
    "items": [
      {
        "pageNumber": 1,
        "kind": "Text",
        "boundingBox": {
          "left": 1124.794677734375,
          "top": 1499.9495849609375,
          "right": 1275.0000457763672,
          "bottom": 1649.9999542236328,
          "width": 150.2053680419922,
          "height": 150.0503692626953
        },
        "polygons": [
          {
            "boundingBox": {
              "left": 1124.794677734375,
              "top": 1499.9495849609375,
              "right": 1275.0000457763672,
              "bottom": 1649.9999542236328,
              "width": 150.2053680419922,
              "height": 150.0503692626953
            },
            "points": [
              {
                "x": 1124.794677734375,
                "y": 1499.9495849609375
              },
              {
                "x": 1275.0000457763672,
                "y": 1499.9495849609375
              },
              {
                "x": 1275.0000457763672,
                "y": 1649.9999542236328
              },
              {
                "x": 1124.794677734375,
                "y": 1649.9999542236328
              }
            ]
          }
        ]
      },
      {
        "pageNumber": 1,
        "kind": "Text",
        "boundingBox": {
          "left": 897.217041015625,
          "top": 1474.7576904296875,
          "right": 1275,
          "bottom": 1650.000015258789,
          "width": 377.782958984375,
          "height": 175.24232482910156
        },
        "polygons": [
          {
            "boundingBox": {
              "left": 897.217041015625,
              "top": 1474.7576904296875,
              "right": 1275,
              "bottom": 1650.000015258789,
              "width": 377.782958984375,
              "height": 175.24232482910156
            },
            "points": [
              {
                "x": 897.217041015625,
                "y": 1474.7576904296875
              },
              {
                "x": 1275,
                "y": 1474.7576904296875
              },
              {
                "x": 1275,
                "y": 1650.000015258789
              },
              {
                "x": 897.217041015625,
                "y": 1650.000015258789
              }
            ]
          }
        ]
      },
      {
        "pageNumber": 1,
        "kind": "Text",
        "boundingBox": {
          "left": 942.71728515625,
          "top": 1506.4229736328125,
          "right": 1274.9999694824219,
          "bottom": 1650.000015258789,
          "width": 332.2826843261719,
          "height": 143.57704162597656
        },
        "polygons": [
          {
            "boundingBox": {
              "left": 942.71728515625,
              "top": 1506.4229736328125,
              "right": 1274.9999694824219,
              "bottom": 1650.000015258789,
              "width": 332.2826843261719,
              "height": 143.57704162597656
            },
            "points": [
              {
                "x": 942.71728515625,
                "y": 1506.4229736328125
              },
              {
                "x": 1274.9999694824219,
                "y": 1506.4229736328125
              },
              {
                "x": 1274.9999694824219,
                "y": 1650.000015258789
              },
              {
                "x": 942.71728515625,
                "y": 1650.000015258789
              }
            ]
          }
        ]
      },
      {
        "pageNumber": 1,
        "kind": "Text",
        "boundingBox": {
          "left": 857.9776000976562,
          "top": 1431.0281982421875,
          "right": 1062.2835388183594,
          "bottom": 1467.1477546691895,
          "width": 204.30593872070312,
          "height": 36.11955642700195
        },
        "polygons": [
          {
            "boundingBox": {
              "left": 857.9776000976562,
              "top": 1431.0281982421875,
              "right": 1062.2835388183594,
              "bottom": 1467.1477546691895,
              "width": 204.30593872070312,
              "height": 36.11955642700195
            },
            "points": [
              {
                "x": 857.9776000976562,
                "y": 1431.0281982421875
              },
              {
                "x": 1062.2835388183594,
                "y": 1431.0281982421875
              },
              {
                "x": 1062.2835388183594,
                "y": 1467.1477546691895
              },
              {
                "x": 857.9776000976562,
                "y": 1467.1477546691895
              }
            ]
          }
        ]
      },
      {
        "pageNumber": 1,
        "kind": "Text",
        "boundingBox": {
          "left": 1095.6329345703125,
          "top": 104.21280670166016,
          "right": 1275.0000305175781,
          "bottom": 366.74890899658203,
          "width": 179.36709594726562,
          "height": 262.5361022949219
        },
        "polygons": [
          {
            "boundingBox": {
              "left": 1095.6329345703125,
              "top": 104.21280670166016,
              "right": 1275.0000305175781,
              "bottom": 366.74890899658203,
              "width": 179.36709594726562,
              "height": 262.5361022949219
            },
            "points": [
              {
                "x": 1095.6329345703125,
                "y": 104.21280670166016
              },
              {
                "x": 1275.0000305175781,
                "y": 104.21280670166016
              },
              {
                "x": 1275.0000305175781,
                "y": 366.74890899658203
              },
              {
                "x": 1095.6329345703125,
                "y": 366.74890899658203
              }
            ]
          }
        ]
      },
      {
        "pageNumber": 1,
        "kind": "Text",
        "boundingBox": {
          "left": 881.83203125,
          "top": 219.1826171875,
          "right": 1275.0000305175781,
          "bottom": 786.8771362304688,
          "width": 393.1679992675781,
          "height": 567.6945190429688
        },
        "polygons": [
          {
            "boundingBox": {
              "left": 881.83203125,
              "top": 219.1826171875,
              "right": 1275.0000305175781,
              "bottom": 786.8771362304688,
              "width": 393.1679992675781,
              "height": 567.6945190429688
            },
            "points": [
              {
                "x": 881.83203125,
                "y": 219.1826171875
              },
              {
                "x": 1275.0000305175781,
                "y": 219.1826171875
              },
              {
                "x": 1275.0000305175781,
                "y": 786.8771362304688
              },
              {
                "x": 881.83203125,
                "y": 786.8771362304688
              }
            ]
          }
        ]
      },
      {
        "pageNumber": 1,
        "kind": "Text",
        "boundingBox": {
          "left": 1190.2841796875,
          "top": 1428.52001953125,
          "right": 1274.999984741211,
          "bottom": 1465.1676635742188,
          "width": 84.71580505371094,
          "height": 36.64764404296875
        },
        "polygons": [
          {
            "boundingBox": {
              "left": 1190.2841796875,
              "top": 1428.52001953125,
              "right": 1274.999984741211,
              "bottom": 1465.1676635742188,
              "width": 84.71580505371094,
              "height": 36.64764404296875
            },
            "points": [
              {
                "x": 1190.2841796875,
                "y": 1428.52001953125
              },
              {
                "x": 1274.999984741211,
                "y": 1428.52001953125
              },
              {
                "x": 1274.999984741211,
                "y": 1465.1676635742188
              },
              {
                "x": 1190.2841796875,
                "y": 1465.1676635742188
              }
            ]
          }
        ]
      },
      {
        "pageNumber": 1,
        "kind": "Text",
        "boundingBox": {
          "left": 1132.0836181640625,
          "top": 1246.378173828125,
          "right": 1275,
          "bottom": 1537.7760925292969,
          "width": 142.9163818359375,
          "height": 291.3979187011719
        },
        "polygons": [
          {
            "boundingBox": {
              "left": 1132.0836181640625,
              "top": 1246.378173828125,
              "right": 1275,
              "bottom": 1537.7760925292969,
              "width": 142.9163818359375,
              "height": 291.3979187011719
            },
            "points": [
              {
                "x": 1132.0836181640625,
                "y": 1246.378173828125
              },
              {
                "x": 1275,
                "y": 1246.378173828125
              },
              {
                "x": 1275,
                "y": 1537.7760925292969
              },
              {
                "x": 1132.0836181640625,
                "y": 1537.7760925292969
              }
            ]
          }
        ]
      },
      {
        "pageNumber": 1,
        "kind": "Text",
        "boundingBox": {
          "left": 791.1851806640625,
          "top": 799.5169677734375,
          "right": 1274.9999694824219,
          "bottom": 1097.54736328125,
          "width": 483.8147888183594,
          "height": 298.0303955078125
        },
        "polygons": [
          {
            "boundingBox": {
              "left": 791.1851806640625,
              "top": 799.5169677734375,
              "right": 1274.9999694824219,
              "bottom": 1097.54736328125,
              "width": 483.8147888183594,
              "height": 298.0303955078125
            },
            "points": [
              {
                "x": 791.1851806640625,
                "y": 799.5169677734375
              },
              {
                "x": 1274.9999694824219,
                "y": 799.5169677734375
              },
              {
                "x": 1274.9999694824219,
                "y": 1097.54736328125
              },
              {
                "x": 791.1851806640625,
                "y": 1097.54736328125
              }
            ]
          }
        ]
      },
      {
        "pageNumber": 1,
        "kind": "Text",
        "boundingBox": {
          "left": 1134.27783203125,
          "top": 338.1095886230469,
          "right": 1275.0000457763672,
          "bottom": 735.5116577148438,
          "width": 140.7222137451172,
          "height": 397.4020690917969
        },
        "polygons": [
          {
            "boundingBox": {
              "left": 1134.27783203125,
              "top": 338.1095886230469,
              "right": 1275.0000457763672,
              "bottom": 735.5116577148438,
              "width": 140.7222137451172,
              "height": 397.4020690917969
            },
            "points": [
              {
                "x": 1134.27783203125,
                "y": 338.1095886230469
              },
              {
                "x": 1275.0000457763672,
                "y": 338.1095886230469
              },
              {
                "x": 1275.0000457763672,
                "y": 735.5116577148438
              },
              {
                "x": 1134.27783203125,
                "y": 735.5116577148438
              }
            ]
          }
        ]
      },
      {
        "pageNumber": 1,
        "kind": "Text",
        "boundingBox": {
          "left": 335.0198669433594,
          "top": 1493.1470947265625,
          "right": 436.94864654541016,
          "bottom": 1534.3648376464844,
          "width": 101.92877960205078,
          "height": 41.217742919921875
        },
        "polygons": [
          {
            "boundingBox": {
              "left": 335.0198669433594,
              "top": 1493.1470947265625,
              "right": 436.94864654541016,
              "bottom": 1534.3648376464844,
              "width": 101.92877960205078,
              "height": 41.217742919921875
            },
            "points": [
              {
                "x": 335.0198669433594,
                "y": 1493.1470947265625
              },
              {
                "x": 436.94864654541016,
                "y": 1493.1470947265625
              },
              {
                "x": 436.94864654541016,
                "y": 1534.3648376464844
              },
              {
                "x": 335.0198669433594,
                "y": 1534.3648376464844
              }
            ]
          }
        ]
      },
      {
        "pageNumber": 1,
        "kind": "Text",
        "boundingBox": {
          "left": 1199.442626953125,
          "top": 1426.64208984375,
          "right": 1274.999984741211,
          "bottom": 1474.0577812194824,
          "width": 75.55735778808594,
          "height": 47.41569137573242
        },
        "polygons": [
          {
            "boundingBox": {
              "left": 1199.442626953125,
              "top": 1426.64208984375,
              "right": 1274.999984741211,
              "bottom": 1474.0577812194824,
              "width": 75.55735778808594,
              "height": 47.41569137573242
            },
            "points": [
              {
                "x": 1199.442626953125,
                "y": 1426.64208984375
              },
              {
                "x": 1274.999984741211,
                "y": 1426.64208984375
              },
              {
                "x": 1274.999984741211,
                "y": 1474.0577812194824
              },
              {
                "x": 1199.442626953125,
                "y": 1474.0577812194824
              }
            ]
          }
        ]
      },
      {
        "pageNumber": 1,
        "kind": "Text",
        "boundingBox": {
          "left": 1189.5123291015625,
          "top": 1428.54541015625,
          "right": 1274.9999694824219,
          "bottom": 1466.3076095581055,
          "width": 85.48764038085938,
          "height": 37.76219940185547
        },
        "polygons": [
          {
            "boundingBox": {
              "left": 1189.5123291015625,
              "top": 1428.54541015625,
              "right": 1274.9999694824219,
              "bottom": 1466.3076095581055,
              "width": 85.48764038085938,
              "height": 37.76219940185547
            },
            "points": [
              {
                "x": 1189.5123291015625,
                "y": 1428.54541015625
              },
              {
                "x": 1274.9999694824219,
                "y": 1428.54541015625
              },
              {
                "x": 1274.9999694824219,
                "y": 1466.3076095581055
              },
              {
                "x": 1189.5123291015625,
                "y": 1466.3076095581055
              }
            ]
          }
        ]
      },
      {
        "pageNumber": 1,
        "kind": "Text",
        "boundingBox": {
          "left": 1112.7249755859375,
          "top": 1434.4483642578125,
          "right": 1267.9088592529297,
          "bottom": 1474.0786972045898,
          "width": 155.1838836669922,
          "height": 39.630332946777344
        },
        "polygons": [
          {
            "boundingBox": {
              "left": 1112.7249755859375,
              "top": 1434.4483642578125,
              "right": 1267.9088592529297,
              "bottom": 1474.0786972045898,
              "width": 155.1838836669922,
              "height": 39.630332946777344
            },
            "points": [
              {
                "x": 1112.7249755859375,
                "y": 1434.4483642578125
              },
              {
                "x": 1267.9088592529297,
                "y": 1434.4483642578125
              },
              {
                "x": 1267.9088592529297,
                "y": 1474.0786972045898
              },
              {
                "x": 1112.7249755859375,
                "y": 1474.0786972045898
              }
            ]
          }
        ]
      }
    ],
    "debugOverlays": [],
    "normalisations": [
      {
        "pageNumber": 1,
        "originalWidth": 1275,
        "originalHeight": 1650,
        "scaledWidth": 495,
        "scaledHeight": 640,
        "scale": 0.3878787878787879,
        "offsetX": 72.72727966308594,
        "offsetY": 0
      }
    ]
  },
  "stage": "layout_analysis",
  "completedAt": "2025-10-01T13:21:58.8092241+00:00"
}