{
  "summary": {
    "python": {
      "lines": 21,
      "words": 439,
      "characters": 2829,
      "blank_lines": 7
    },
    "dotnet": {
      "lines": 5,
      "words": 393,
      "characters": 2512,
      "blank_lines": 2
    }
  },
  "similarity": {
    "sequence_matcher_ratio": 0.07526680396929414,
    "line_jaccard": 0.05555555555555555,
    "shared_unique_lines": 1,
    "total_unique_lines": 18
  },
  "missing_characters": {
    "e": 9,
    " ": 266,
    "m": 11,
    "T": 29,
    "D": 1,
    ".": 57,
    "n": 2,
    "f": 10,
    "M": 1,
    "P": 1,
    "7": 11,
    "6": 1,
    "3": 15,
    "2": 15,
    "4": 13,
    "5": 16,
    "\n": 15,
    "#": 8,
    "1": 3,
    "y": 1,
    ")": 1,
    "-": 125,
    "[": 1,
    "9": 32,
    "]": 2,
    "|": 54,
    "0": 34,
    "8": 10
  },
  "spurious_characters": {
    "O": 2,
    "p": 15,
    "b": 14,
    "i": 22,
    "z": 5,
    "d": 20,
    "a": 37,
    "l": 35,
    "o": 11,
    "k": 10,
    "F": 4,
    "S": 6,
    "t": 16,
    "r": 17,
    "u": 26,
    "c": 58,
    "R": 1,
    "g": 2,
    "x": 3,
    "H": 2,
    "h": 16,
    "I": 22,
    "s": 4,
    ",": 2,
    "(": 11,
    "A": 1,
    "w": 2,
    "{": 1,
    "E": 1,
    "U": 5,
    "v": 5,
    "W": 1,
    "N": 6,
    "Z": 12,
    "&": 1,
    "'": 4,
    "L": 4,
    "\"": 2,
    "X": 1,
    ";": 13,
    "B": 2,
    "q": 1,
    "=": 3,
    "j": 1
  }
}
