{
  "data": {
    "tableCount": 0,
    "tables": []
  },
  "stage": "table_structure",
  "completedAt": "2025-10-11T05:44:46.338873+00:00"
}