{
  "data": {
    "completed": true,
    "markdownLength": 11586,
    "assetCount": 0,
    "metadata": {},
    "markdown": "tructure Recognition\n\nure Recognition\n\nucture Recognition\n\n*Table Structure Recognition\\_*\n\nucture Recognition\n\nructure Recognition\n\nRecognition\n\nOpbimized Table Tokenizabionl For Table Structure Recognition\n\n{ecognitiol\n\nOpbimized Table Tokenizabionl For Table Structure Recognition\n\nJpbizized Table Tokelizabion Foc Table Struckure Recognitiol\n\n{ecognition\n\npLizized Table Tokenizabion Lor Table Struckure Recognitiol\n\nOptimized\n\nOptimized\n\nble Structure Recognition\n\n*Table Str*\n\norder to compute\n\norder to compute\n\norder to compute\n\nUrdOr Fo (lputc Hhe \u0027LLV scxc, Inorclcc 6Ig rusults JOr\u0027 all experiIKs\nLal HJITA 7aCo\n\nOrder to cipute Hhe \u0027ILD scoxe Infcrcucc (ilg results For\u0027 all experimcuks\nwere obtained Froul Hhe same machize 011 a Single core with AMD EPYC 7763\nCPU @2.45 GHz.\n\nto compute\n\n@2.45 GHz\nUr U @@L.40 UnL\n\nCPU @2.45 GHz_\n\nPU @2.45 GHz\n44\nUr U\n\n@2.45 GHz\nUr U @@L.40 UnL\n\nU @2.45 GHz\nUI\n\nCPU @2.45\n\n@2.45 GHz\nUr U @@L.40 UnL\n\nCPU @2.45\n\nCPU @2.45\n\n@2.45 GHz\nUr U @@L.40 UnL\n\nCPU @2.45\n\n5.1 Hyper\n\n5.1 Hyper\n\nppptimization\n\n5.1 Hvper Parameter Optimization\n\nOptimization\n\n5.1 Hvper Parameter Uptimization\n\nWe have chosen the PubTa\nhighly diverse set of tables\n\nsince it includes a\nL ( :\n\nsince it includes a\nn\n\nto perform HPO, since it i\nMIA _la\n\nperform HPO, since it includes a\n\nO. since it includes\n3l@ :\n\nWe have chosen the PubTabNet data set\n\nto perform HPO. since it\n\nto perform HPO. Since It includes a\n\nerform HPO. since it includes\n\nWe have choscn Uhc PuNIaHNck data sc6 6o perLoryl HL O , Since IL includcs a\nhighly diverse set oF tables; Also we report \u0027IEL) scorcs separately Foi Simple and\n(OllpLex tables (Fablcs wiHh cell Spaus |, Results alc pxescuted il Lable || IF is\n\nsince it includes a\n\nPO. since it includes\nlC :\n\nWe have choseul Uhe PubZahNct data sct to perforrl HL O , since it includes a\nhighly diverse set of tables, Also we report \u0027IED) scores separately Foi simple and\ncouplex tables (tables with cell spans) Results are presented in \u0027able |1 It is\nevident that with (ZXSL, Our model achieves the same TED score and slightly\nbetter map scorcs il corparison to HZML; However (ISL yiclds a 2; speed\nup in the inference runtime over HTML\n\nWe have choscn Uc L#ULabNct daka Sc6 6o porLorul HLO, sincc IL incJudgs a\n\nerform HPO. since it includes a\nscores separately for simple and\n\nhavc choscu Hhc PuVlahNck data sc6 6o pcrForul HPO , siuce I6 jcludcs a\n\nze it includes a\nfor simple and\n1 Table:Ill It is\n\nchoscil Uhc [Yub LahNet data sc6 to perLoril HO) , S1cc I6 includes\niversc sck oF tables, Akso we repolg \u0027LED scores scparately Foi\u0022 Sipkc \u0027\nLL LL_U UL\n\nWe havc chuscl Hhc [Y4ULahNct data Sc6 6o pOLLOLyl HLU, Suc I6 Hchudgs\nhiehlv dversc Sc6 OF tables; Akso We repor6 \u0027IHL) scorcs scparatcly For Siupkc Hc\nU U M # UU U\n\nMv U ea V 0 Heana Aae u uHu 0 Ae\nhighly diversc sc6 oF tables, Also we report \u0027IEL) scorcs soparately Foi Simple and\nclplex tables (tables wilh cel spahs|, Results are prescnted i1 \u0027Iabke ||| IF is\n\nhighly diversc sc6 oF tables, Also we report \u0027IEL) scorcs soparately Foi Simple and\nclplex tables (tables wilh cel spahs|, Results are prescnted i1 \u0027Iabke ||| IF is\nUel CI e\n\nResults are presented in Table. Ill It is\n\nJuUiULL 44 Iupiltil 40 [0\necora and eliobtl\n\nWHUUIV V WI VINU Vu HuuuI (UlVw Vl N LLV Nuulu (M DUKH\nbettcr IAP scurcs I1l COiparisozl to HML; However (LSL vickds a I; Speed\nup in the inference runtime over HTML.\n\nVYMUIV Vw WIV VIVU Vu HuhuI (HvYUn VV NN LLV NIv (U MrW\nbettcr IAp scorcs i11 C iLpariso1l to HIML; However (IISL vickds a %; Sheed\nup in the inference runtime over HTML\n\nVYMUI Vw WIV VINU Vh Huu? (HuTuo VN M ILV DUuIt OU MHrHW\nbettcr IAP scurcs I1l COiparisozl to HML; However (LSL vickds a I; Speed\nup in the inference runtime over HTML.\n\n1n the inference runtime over H\n\nup in the inference\n\n11 the 1nference rutlme over H\n\nup in the inference\n\nup in the inference\n\nup in the inference\n\nme over\n\nntime ove)\n\n1e same\n221. Ef\n\nhle same\n221. Ef\n\nesentation on the same\nO PakTlNet Iool Ff\n\nation on the same\nPubTabNet /22 . Ef-\n\nEIPO) pexLormed jul OSL axd HITML representatioll 011 Uhe Sale\n\nEIPO) pexLormed jul OSL axd HITML representatioll 011 Uhe Sale\n\n[able 1, HIPO pexlored il OISL Axd HITML represeutakiol O11 Hhe Sate\nUralskoxtel-based TableFoxter || arclltccture; {raited ouLy O1 PubTabNex Wu, DL\n\nresentation on the sam\nIO PakmlNolIool F\n\n1 inOT\nler 9 ar\n\n)f the mnodel show that\n\nbhle mnodel show tha\nrecognizing comple\n2 HTML counterpar\n\nOW thal\n\nLLUS UL HCUUGHK Ve # UL HaVOUS |I CHCOUOL H UOUUUGL Shape8 UL Ve IHUUOL BIW Val\nBmaller models trained On OTISL perForul belker; especially il recoguizing colplex\nlable structures; and maintai a much higher mAP score Uhan Uhe FITML counterpart\n\nHuuwu VL |QuMV VV | V Hyuu H VuUu ( Vuuuu $ugwv v V Ha VaH V\nBmaller models trained On OTISL perForul belker; especially il recoguizing colplex\ntable structures; and maintain a much higher IAP score Uhan Uhe IITML couunterpart\n\nVITU IO4UI Dlot UHlu\nrecognizing comple\nHTML counterpart\n\nSellclll=\ncomplex\n1nterpart.\n\nsmnaller\n\nBualler mlodels Lraited 0u (IISL perLort beuker; especially I1 recoguizIng colplex\nlable struchures; and iaittail a much higher IAP score Uhan Uhe IIIVL couuterparg\n\ncomnlev\n\nin recognizing compler_\nthe HTML counterpart\n\ncomplex\n\nUCl, copcllally 4 [CLU5Iull5 LUIpIR\nAP score than the HTML counterpart\n\nUable sUrucues; Ald IaIai a Iuch Heher IAP scure Hhan Hhe IHIVL LUiterpar6\n\nUable sUrucues; Ald IaIai a Iuch Heher IAP scure Hhan Hhe IHIVL LUiterpar6\n\nUable sUrucues; Ald IaIai a Iuch Heher IAP scure Hhan Hhe IHIVL LUiterpar6\n\nmAP\no 7E}\n\nTEDs | mAP | Inference\nLanguage\nenc-layers | dec-layers | 17ouno\u0022 | simple | complex | all | (0.75) | time (secs)\nOTSL | 0.965 | 0,934 | 0.955 | 0,88 | 2.73\nHITML | 0,969 | 0.927 | 0.955 | 0,857 | 5,39\n\nTEDs | mAP Inference\nLanguage\nenc-layers | dec-layers | 17ouno\u0022 | simple | complex | all | (0.75) | time (secs)\nOTSL | 0.965 | 0.934 | 0.955 | 0.88 | 2.73\nHITML | 0.,969 | 0.,927 | 0.955 | 0.857 | 5,39\nOTSL | 0.938 | 0.904 | 0.927 | 0,853 | 1,97\nHTML | 0.,952 | 0.909 | 0.938 | 0.843 | 3.77\nOTSL | 0.923 | 0.897 | 0.915 | 0.859 | 1,91\nHTML | 0,945 | 0.901 | 0,931 | 0.834 / 3.81\nOTSL | 0.,952 | 0.92 | 0.942 | 0,857 | 1,22\n2\nHITML | 0.944 | 0.,903 | 0.931 | 0,824 / 2\n\nTEDs | mAP | Inference\nLanguage\nenc-layers | dec-layers | \u002227ouno\u0022 | sitple | complex | all | (0.75) | time (secs\nOTSL | 0.965 | 0.934 | 0.,955 | 0,88 | 2.73\nHITML | 0,969 | 0.927 | 0.955 | 0.857 | 5,39\n\nInference\ntime (secs\n\nInference\ntime (secs\n\n\u0027EDs | mAP Inferenc\nmplex | all | (0.75) | time (sec\n).934 | 0.955 | 0.88 | 2.73\n).927 | 0.955 | 0.857 | 5.39\n1.904 | 0.927 | 0.853 | 1.97\n).909 | 0.938 | 0.843 3.77\n).897 | 0.915 | 0.859 | 1.91\n).901 | 0.931 / 0.834 | 3.81\n0.92 | 0.942 | 0.857 | 1.22\n1.903 | 0.931 | 0.824 | 2\n\nnference\nme (secs)\n2.73\n5.39\n1.97\n3.77\n1.91\n3.81\n1.22\n2\n\n#\nenc-layers\n\nc-layers | dec\n6\n4\n2\n\nGime (secs\n\nse (secs\n\nenc-lavers\n\nVond |V| Wt | V| |\u0022\nHITML | 0,952 | 0.909 | 0,938 | 0.843 / 3.77\nOTSL | 0.923 | 0.897 | 0.915 | 0,859 | 1.,91\n2\nHITML | 0,945 | 0.901 | 0,931 | 0.834 / 3.81\nOTSL | 0,952 | 0.92 | 0,942 | 0,857 | 1.22\nHITML | 0,944 | 0.903 | 0.931 | 0.824 | 2\n\nHITML | 0,952 | 0.909 | 0,938 | 0,843 | 3.77\nOTSL | 0,923 | 0.897 | 0,915 | 0,859 | 1,91\nHITML | 0.945 | 0.901 | 0,931 | 0.834 / 3.81\nOTSL | 0,952 | 0.92 | 0,942 | 0,857 | 1,22\nHITML | 0,944 | 0.903 | 0.931 | 0.824 | 2\n\nVInL | U,L | U896 |UNL) | U,059 | 1Jl\nHITML | 0,945 | 0.901 | 0,931 | 0,834 | 3.81\nOTSL | 0,952 | 0.92 | 0,942 | 0,857 | 1.22\nHITML | 0,944 | 0.903 | 0.931 | 0,824 / 2\n\n2 | 4\n4 | 2\n\nVond | V| W |W ||#\nHITML | 0,945 | 0.901 | 0,931 | 0,834 | 3.81\nOTSL | 0.952 | 0.92 | 0,942 | 0,857 | 1.22\nHITML | 0,944 | 0.903 | 0.931 | 0,824 / 2\n\naLlitdd\n2\nHTML | 0.945\nOTSL | 0.952\n2\nHTML | 0.944\n\nHITML | 0,945 | 0.901 | 0,931 | 0.834 / 3.81\nOTSL | 0.952 | 0.92 | 0.942 | 0,857 | 1.22\nHITML | 0,944 | 0,903 | 0.931 | 0.824 | 2\n\nHITML | 0.945 | 0.901 | 0,931 | 0.834 / 3.81\nOTSL | 0,952 | 0.92 | 0,942 | 0,857 | 1.22\nHTML | 0.944 | 0.903 | 0.931 | 0.824\n\nHITML | 0.945 | 0.901 | 0,931 | 0.834 / 3.81\nOTSL | 0.952 | 0.92 | 0,942 | 0,857 | 1.22\nHTML | 0.944 | 0.903 | 0.931 | 0.824\n\nResults\n\nResults\n\n5.2 Quantitative Results\n\nResults\n\nResults\n\n5.2 Quantitative Results\n\nResults\n\nResults\n\n5.2 Quantitative Results\n\n5.2 Quantitative Results\n\nResults\n\nResults\n\nnicked \u002Bk\n\nWe Dicked t\n\nWe Dicked t\n\nWe Dicked t\n\nWe picked the model\n\nWe Dicked t\n\nthat produced the best prediction\n\nWe picked Hhe model paralcter colgurakiox thak produccd Hhe besk prcdicgiou\nquality (cuc=6, doc=6, hcads-8) with PuIabNct alxc; Ghen independently\n\nthe modeL parauncter confieuragjox \u0026hat produccd Uhc best prcdictioll\n\nWe picked the modelparameter confguration that produced the best predliction\nquality (cnc=6, dcc=6, heads=8) with PublahNet alone; Hhen iudependently\ntrained and evaluated it on thrce puhlicly available data Scts; PublabNet (805k\nsamples) , EixlahNct (118k samples) and PubZables-IML (about IM sarples)\n\nest prediction\nndependently\n\nprediction\n\nWe picked the model parameter conliguratiou that produccd Ghe best preciction\nquality (enc-6, dec-6, heads-8) with PublabNet alue; then independently\ntrained and evaluated it on thrce puhlicly available data Scts; PublabNet (805k\nsamples) , EixlahNct (118k samples) and PubZables-IML (about IM sarples)\nPerformance results are presented in \u0027Iable:|| It is clcarly evident Ghat Uhe model\ntrained on 0ZSL outperforms HZML across the board, kceping high \u0027EDs and\nmap scoxes evel1 011 diflcult fnancial tables (EinZabNct) Hhak cutaill spaxsc\nand large tables.\n\nWe picked the model par\nquality (enc=6, dec=6,\nrained and evaluated it\namples) , FinTabNet (11\n\nest prediction\nindependently\nAMALAT\u002B (2051\n\n~UDLabfCl JJok\n\nn\n\nUtln\n\nabout IM samples\n\nbout 1M samples\n\nt 1M samples\n\nbout 1M samples\n\nthat the model\n\nhat the model\n\nL CILOLMALC LLSMLUS HL\u20AC pLCschuU H LauI|4 # 8 Uicaly CVXCIN Vau Vc Huuu\ntrained on 0ZISL outperforms HIML across the board, kcoping high TEDs and\nIAL scores cvell O11 difcult fnancial tables (Ein ZabNct) Hhak coutaill Sparsc\nand large tables_\n\ntrained on OTSL\n\nhigh TEDs and\n\nTEDs and\n\nTEDs and\n\ntrained on (ZSL outperEoris HIML across Ghc board, koeping high \u0027ZEDs and\nmAp scores eve11 011 diflicult Gnancial tables (LinLahNct) Hhak coutainl Sparsc\nand large tables_\n\nthat contain sparse\n\nantage over HTME\nchieves significantl\nAld\n\nAdditionally; the results show that O@SL has an advantage over HTML\nwhen applied on a bigger data set like PubLables-IM and achieves siguifcantly\nimproved scores, Finally; ( IXSL achieves faster inference due to fewer decoding\nsteps which is a result of the reduccd scqucncc representation\n\nresults show that OZSL has a advantage ovcc\u0027 HTML\n\nAdditionallv; the rcsults show Hhak OIFSL has a1 advantagc Ovel HZML\nHHm O 9 Hivonr (aFa ScF Hko PHHs IM Hd acHoves Sihca\n\nresults show that OZSL has a advantage ovcc\u0027 HTML\n\nLditioxally, the results show thak OISL has a11 advantage ovei HIML\n\nLdditioually; Hhe rcsults show Hhak OISL has A11 advatage OvcI HML\n\nAdditionally; the results show Uhak OIXSL has a1 advantage ovci HIML\nWhaw Orkaw o Hnav Ly w H !NHL UWaw| okwao xHwl\n\nL has an advantage over HTML\nU 1 | |\u0027 \u0027 \u00270\n\nhas an advantage over HT\n\n11311 Grr-\nimnroved \u003C\n\nimprovcd scores; Finally; (IXSL achieves faster infercncc due to Fewer decoding\nsteps which js a resuLg oF Ghe rcduccd Scquciicc rcprcscngakioll;\n\nImprovcd scorcs; Linaly () ZSL achieves Laskcl IlLerclcc due 6o Lewer dococig\nsteps which is a rcsult oE Ghe rcduccd scqucr1cc rcprcscnGakioll;\n\n5 \u0026 result of the\n\ncps which is a result of the reduced scquencc rcprescntation,\n\nsteps which\n",
    "assets": []
  },
  "stage": "markdown_serialization",
  "completedAt": "2025-10-11T05:47:11.692832+00:00"
}