{
  "summary": {
    "python": {
      "lines": 21,
      "words": 439,
      "characters": 2829,
      "blank_lines": 7
    },
    "dotnet": {
      "lines": 39,
      "words": 67,
      "characters": 335,
      "blank_lines": 2
    }
  },
  "similarity": {
    "sequence_matcher_ratio": 0.01643489254108723,
    "line_jaccard": 0.019230769230769232,
    "shared_unique_lines": 1,
    "total_unique_lines": 52
  },
  "missing_characters": {
    "o": 71,
    "r": 89,
    "d": 53,
    "e": 205,
    " ": 626,
    "t": 108,
    "c": 55,
    "m": 42,
    "p": 34,
    "u": 36,
    "h": 45,
    "T": 39,
    "E": 7,
    "D": 6,
    "s": 97,
    ".": 48,
    "I": 4,
    "n": 88,
    "f": 26,
    "i": 81,
    "g": 20,
    "l": 66,
    "a": 119,
    "x": 3,
    "w": 11,
    "b": 32,
    "A": 7,
    "M": 13,
    "P": 16,
    "7": 6,
    "6": 5,
    "3": 6,
    "U": 1,
    "@": 1,
    "2": 11,
    "4": 10,
    "5": 15,
    "G": 1,
    "H": 15,
    "z": 3,
    "#": 9,
    "1": 6,
    "y": 17,
    "O": 14,
    "W": 2,
    "v": 16,
    "N": 5,
    ",": 11,
    "(": 8,
    ")": 9,
    "R": 1,
    "S": 11,
    "L": 22,
    "-": 128,
    "F": 4,
    "[": 2,
    "9": 22,
    "|": 62,
    "0": 33,
    "8": 7,
    "Q": 1,
    "k": 4,
    "q": 2,
    "=": 3,
    ":": 1
  },
  "spurious_characters": {
    "\n": 19,
    "&": 2,
    "C": 1,
    "}": 2,
    "_": 1,
    "{": 2
  }
}
