{
  "data": {
    "completed": true,
    "pageCount": 1,
    "pages": [
      {
        "pageNumber": 1,
        "dpi": 300,
        "cached": true
      }
    ]
  },
  "stage": "page_preprocessing",
  "completedAt": "2025-10-01T10:20:11.9340475+00:00"
}