{
  "data": {
    "completed": true,
    "itemCount": 13,
    "debugOverlayCount": 0,
    "normalisationCount": 1,
    "items": [
      {
        "pageNumber": 1,
        "kind": "Text",
        "boundingBox": {
          "left": 1247.67529296875,
          "top": 1599.2657470703125,
          "right": 1414.0000610351562,
          "bottom": 1755.0000305175781,
          "width": 166.32476806640625,
          "height": 155.73428344726562
        },
        "polygons": [
          {
            "boundingBox": {
              "left": 1247.67529296875,
              "top": 1599.2657470703125,
              "right": 1414.0000610351562,
              "bottom": 1755.0000305175781,
              "width": 166.32476806640625,
              "height": 155.73428344726562
            },
            "points": [
              {
                "x": 1247.67529296875,
                "y": 1599.2657470703125
              },
              {
                "x": 1414.0000610351562,
                "y": 1599.2657470703125
              },
              {
                "x": 1414.0000610351562,
                "y": 1755.0000305175781
              },
              {
                "x": 1247.67529296875,
                "y": 1755.0000305175781
              }
            ]
          }
        ]
      },
      {
        "pageNumber": 1,
        "kind": "Text",
        "boundingBox": {
          "left": 1277.2879638671875,
          "top": 156.9169158935547,
          "right": 1413.999984741211,
          "bottom": 339.5363311767578,
          "width": 136.71202087402344,
          "height": 182.61941528320312
        },
        "polygons": [
          {
            "boundingBox": {
              "left": 1277.2879638671875,
              "top": 156.9169158935547,
              "right": 1413.999984741211,
              "bottom": 339.5363311767578,
              "width": 136.71202087402344,
              "height": 182.61941528320312
            },
            "points": [
              {
                "x": 1277.2879638671875,
                "y": 156.9169158935547
              },
              {
                "x": 1413.999984741211,
                "y": 156.9169158935547
              },
              {
                "x": 1413.999984741211,
                "y": 339.5363311767578
              },
              {
                "x": 1277.2879638671875,
                "y": 339.5363311767578
              }
            ]
          }
        ]
      },
      {
        "pageNumber": 1,
        "kind": "Text",
        "boundingBox": {
          "left": 985.2747192382812,
          "top": 1566.9678955078125,
          "right": 1414,
          "bottom": 1755.0000457763672,
          "width": 428.72528076171875,
          "height": 188.0321502685547
        },
        "polygons": [
          {
            "boundingBox": {
              "left": 985.2747192382812,
              "top": 1566.9678955078125,
              "right": 1414,
              "bottom": 1755.0000457763672,
              "width": 428.72528076171875,
              "height": 188.0321502685547
            },
            "points": [
              {
                "x": 985.2747192382812,
                "y": 1566.9678955078125
              },
              {
                "x": 1414,
                "y": 1566.9678955078125
              },
              {
                "x": 1414,
                "y": 1755.0000457763672
              },
              {
                "x": 985.2747192382812,
                "y": 1755.0000457763672
              }
            ]
          }
        ]
      },
      {
        "pageNumber": 1,
        "kind": "Text",
        "boundingBox": {
          "left": 1052.0211181640625,
          "top": 1606.2208251953125,
          "right": 1413.9999694824219,
          "bottom": 1755.0000610351562,
          "width": 361.9788513183594,
          "height": 148.77923583984375
        },
        "polygons": [
          {
            "boundingBox": {
              "left": 1052.0211181640625,
              "top": 1606.2208251953125,
              "right": 1413.9999694824219,
              "bottom": 1755.0000610351562,
              "width": 361.9788513183594,
              "height": 148.77923583984375
            },
            "points": [
              {
                "x": 1052.0211181640625,
                "y": 1606.2208251953125
              },
              {
                "x": 1413.9999694824219,
                "y": 1606.2208251953125
              },
              {
                "x": 1413.9999694824219,
                "y": 1755.0000610351562
              },
              {
                "x": 1052.0211181640625,
                "y": 1755.0000610351562
              }
            ]
          }
        ]
      },
      {
        "pageNumber": 1,
        "kind": "Text",
        "boundingBox": {
          "left": 1129.914794921875,
          "top": 98.7696762084961,
          "right": 1413.9999694824219,
          "bottom": 406.5342025756836,
          "width": 284.0851745605469,
          "height": 307.7645263671875
        },
        "polygons": [
          {
            "boundingBox": {
              "left": 1129.914794921875,
              "top": 98.7696762084961,
              "right": 1413.9999694824219,
              "bottom": 406.5342025756836,
              "width": 284.0851745605469,
              "height": 307.7645263671875
            },
            "points": [
              {
                "x": 1129.914794921875,
                "y": 98.7696762084961
              },
              {
                "x": 1413.9999694824219,
                "y": 98.7696762084961
              },
              {
                "x": 1413.9999694824219,
                "y": 406.5342025756836
              },
              {
                "x": 1129.914794921875,
                "y": 406.5342025756836
              }
            ]
          }
        ]
      },
      {
        "pageNumber": 1,
        "kind": "Text",
        "boundingBox": {
          "left": 1310.0831298828125,
          "top": 1518.1907958984375,
          "right": 1414.0000305175781,
          "bottom": 1562.6361923217773,
          "width": 103.91690063476562,
          "height": 44.445396423339844
        },
        "polygons": [
          {
            "boundingBox": {
              "left": 1310.0831298828125,
              "top": 1518.1907958984375,
              "right": 1414.0000305175781,
              "bottom": 1562.6361923217773,
              "width": 103.91690063476562,
              "height": 44.445396423339844
            },
            "points": [
              {
                "x": 1310.0831298828125,
                "y": 1518.1907958984375
              },
              {
                "x": 1414.0000305175781,
                "y": 1518.1907958984375
              },
              {
                "x": 1414.0000305175781,
                "y": 1562.6361923217773
              },
              {
                "x": 1310.0831298828125,
                "y": 1562.6361923217773
              }
            ]
          }
        ]
      },
      {
        "pageNumber": 1,
        "kind": "Text",
        "boundingBox": {
          "left": 845.0332641601562,
          "top": 880.4411010742188,
          "right": 1414,
          "bottom": 1184.7454223632812,
          "width": 568.9667358398438,
          "height": 304.3043212890625
        },
        "polygons": [
          {
            "boundingBox": {
              "left": 845.0332641601562,
              "top": 880.4411010742188,
              "right": 1414,
              "bottom": 1184.7454223632812,
              "width": 568.9667358398438,
              "height": 304.3043212890625
            },
            "points": [
              {
                "x": 845.0332641601562,
                "y": 880.4411010742188
              },
              {
                "x": 1414,
                "y": 880.4411010742188
              },
              {
                "x": 1414,
                "y": 1184.7454223632812
              },
              {
                "x": 845.0332641601562,
                "y": 1184.7454223632812
              }
            ]
          }
        ]
      },
      {
        "pageNumber": 1,
        "kind": "Text",
        "boundingBox": {
          "left": 1236.8253173828125,
          "top": 1320.624267578125,
          "right": 1414,
          "bottom": 1648.0004272460938,
          "width": 177.1746826171875,
          "height": 327.37615966796875
        },
        "polygons": [
          {
            "boundingBox": {
              "left": 1236.8253173828125,
              "top": 1320.624267578125,
              "right": 1414,
              "bottom": 1648.0004272460938,
              "width": 177.1746826171875,
              "height": 327.37615966796875
            },
            "points": [
              {
                "x": 1236.8253173828125,
                "y": 1320.624267578125
              },
              {
                "x": 1414,
                "y": 1320.624267578125
              },
              {
                "x": 1414,
                "y": 1648.0004272460938
              },
              {
                "x": 1236.8253173828125,
                "y": 1648.0004272460938
              }
            ]
          }
        ]
      },
      {
        "pageNumber": 1,
        "kind": "Text",
        "boundingBox": {
          "left": 982.9578857421875,
          "top": 221.67100524902344,
          "right": 1413.9999694824219,
          "bottom": 868.4680633544922,
          "width": 431.0420837402344,
          "height": 646.7970581054688
        },
        "polygons": [
          {
            "boundingBox": {
              "left": 982.9578857421875,
              "top": 221.67100524902344,
              "right": 1413.9999694824219,
              "bottom": 868.4680633544922,
              "width": 431.0420837402344,
              "height": 646.7970581054688
            },
            "points": [
              {
                "x": 982.9578857421875,
                "y": 221.67100524902344
              },
              {
                "x": 1413.9999694824219,
                "y": 221.67100524902344
              },
              {
                "x": 1413.9999694824219,
                "y": 868.4680633544922
              },
              {
                "x": 982.9578857421875,
                "y": 868.4680633544922
              }
            ]
          }
        ]
      },
      {
        "pageNumber": 1,
        "kind": "Text",
        "boundingBox": {
          "left": 1284.558837890625,
          "top": 1517.2088623046875,
          "right": 1413.9999694824219,
          "bottom": 1556.105613708496,
          "width": 129.44113159179688,
          "height": 38.896751403808594
        },
        "polygons": [
          {
            "boundingBox": {
              "left": 1284.558837890625,
              "top": 1517.2088623046875,
              "right": 1413.9999694824219,
              "bottom": 1556.105613708496,
              "width": 129.44113159179688,
              "height": 38.896751403808594
            },
            "points": [
              {
                "x": 1284.558837890625,
                "y": 1517.2088623046875
              },
              {
                "x": 1413.9999694824219,
                "y": 1517.2088623046875
              },
              {
                "x": 1413.9999694824219,
                "y": 1556.105613708496
              },
              {
                "x": 1284.558837890625,
                "y": 1556.105613708496
              }
            ]
          }
        ]
      },
      {
        "pageNumber": 1,
        "kind": "Text",
        "boundingBox": {
          "left": 1216.0003662109375,
          "top": 357.7618408203125,
          "right": 1414.0000457763672,
          "bottom": 803.2225341796875,
          "width": 197.9996795654297,
          "height": 445.460693359375
        },
        "polygons": [
          {
            "boundingBox": {
              "left": 1216.0003662109375,
              "top": 357.7618408203125,
              "right": 1414.0000457763672,
              "bottom": 803.2225341796875,
              "width": 197.9996795654297,
              "height": 445.460693359375
            },
            "points": [
              {
                "x": 1216.0003662109375,
                "y": 357.7618408203125
              },
              {
                "x": 1414.0000457763672,
                "y": 357.7618408203125
              },
              {
                "x": 1414.0000457763672,
                "y": 803.2225341796875
              },
              {
                "x": 1216.0003662109375,
                "y": 803.2225341796875
              }
            ]
          }
        ]
      },
      {
        "pageNumber": 1,
        "kind": "Text",
        "boundingBox": {
          "left": 111.90092468261719,
          "top": 1591.0634765625,
          "right": 215.7766342163086,
          "bottom": 1631.7850608825684,
          "width": 103.8757095336914,
          "height": 40.72158432006836
        },
        "polygons": [
          {
            "boundingBox": {
              "left": 111.90092468261719,
              "top": 1591.0634765625,
              "right": 215.7766342163086,
              "bottom": 1631.7850608825684,
              "width": 103.8757095336914,
              "height": 40.72158432006836
            },
            "points": [
              {
                "x": 111.90092468261719,
                "y": 1591.0634765625
              },
              {
                "x": 215.7766342163086,
                "y": 1591.0634765625
              },
              {
                "x": 215.7766342163086,
                "y": 1631.7850608825684
              },
              {
                "x": 111.90092468261719,
                "y": 1631.7850608825684
              }
            ]
          }
        ]
      },
      {
        "pageNumber": 1,
        "kind": "Text",
        "boundingBox": {
          "left": 823.7081909179688,
          "top": 90.28142547607422,
          "right": 1414,
          "bottom": 417.5792770385742,
          "width": 590.2918090820312,
          "height": 327.2978515625
        },
        "polygons": [
          {
            "boundingBox": {
              "left": 823.7081909179688,
              "top": 90.28142547607422,
              "right": 1414,
              "bottom": 417.5792770385742,
              "width": 590.2918090820312,
              "height": 327.2978515625
            },
            "points": [
              {
                "x": 823.7081909179688,
                "y": 90.28142547607422
              },
              {
                "x": 1414,
                "y": 90.28142547607422
              },
              {
                "x": 1414,
                "y": 417.5792770385742
              },
              {
                "x": 823.7081909179688,
                "y": 417.5792770385742
              }
            ]
          }
        ]
      }
    ],
    "debugOverlays": [],
    "normalisations": [
      {
        "pageNumber": 1,
        "originalWidth": 1414,
        "originalHeight": 1755,
        "scaledWidth": 516,
        "scaledHeight": 640,
        "scale": 0.36467236280441284,
        "offsetX": 62,
        "offsetY": 0
      }
    ]
  },
  "stage": "layout_analysis",
  "completedAt": "2025-10-01T10:20:17.5278608+00:00"
}