{
  "data": {
    "tableCount": 0,
    "tables": []
  },
  "stage": "table_structure",
  "completedAt": "2025-10-01T10:20:17.5538446+00:00"
}