{
  "data": {
    "completed": true,
    "itemCount": 21,
    "debugOverlayCount": 0,
    "normalisationCount": 1,
    "items": [
      {
        "pageNumber": 1,
        "kind": "Table",
        "boundingBox": {
          "left": 368.3736572265625,
          "top": 702.8919067382812,
          "right": 907.8436279296875,
          "bottom": 979.038818359375,
          "width": 539.469970703125,
          "height": 276.14691162109375
        },
        "polygons": [
          {
            "boundingBox": {
              "left": 368.3736572265625,
              "top": 702.8919067382812,
              "right": 907.8436279296875,
              "bottom": 979.038818359375,
              "width": 539.469970703125,
              "height": 276.14691162109375
            },
            "points": [
              {
                "x": 368.3736572265625,
                "y": 702.8919067382812
              },
              {
                "x": 907.8436279296875,
                "y": 702.8919067382812
              },
              {
                "x": 907.8436279296875,
                "y": 979.038818359375
              },
              {
                "x": 368.3736572265625,
                "y": 979.038818359375
              }
            ]
          }
        ]
      },
      {
        "pageNumber": 1,
        "kind": "Text",
        "boundingBox": {
          "left": 358.1383972167969,
          "top": 1092.1602783203125,
          "right": 919.5413513183594,
          "bottom": 1285.13916015625,
          "width": 561.4029541015625,
          "height": 192.9788818359375
        },
        "polygons": [
          {
            "boundingBox": {
              "left": 358.1383972167969,
              "top": 1092.1602783203125,
              "right": 919.5413513183594,
              "bottom": 1285.13916015625,
              "width": 561.4029541015625,
              "height": 192.9788818359375
            },
            "points": [
              {
                "x": 358.1383972167969,
                "y": 1092.1602783203125
              },
              {
                "x": 919.5413513183594,
                "y": 1092.1602783203125
              },
              {
                "x": 919.5413513183594,
                "y": 1285.13916015625
              },
              {
                "x": 358.1383972167969,
                "y": 1285.13916015625
              }
            ]
          }
        ]
      },
      {
        "pageNumber": 1,
        "kind": "Text",
        "boundingBox": {
          "left": 358.4901428222656,
          "top": 246.8839874267578,
          "right": 919.1610412597656,
          "bottom": 312.699462890625,
          "width": 560.6708984375,
          "height": 65.81547546386719
        },
        "polygons": [
          {
            "boundingBox": {
              "left": 358.4901428222656,
              "top": 246.8839874267578,
              "right": 919.1610412597656,
              "bottom": 312.699462890625,
              "width": 560.6708984375,
              "height": 65.81547546386719
            },
            "points": [
              {
                "x": 358.4901428222656,
                "y": 246.8839874267578
              },
              {
                "x": 919.1610412597656,
                "y": 246.8839874267578
              },
              {
                "x": 919.1610412597656,
                "y": 312.699462890625
              },
              {
                "x": 358.4901428222656,
                "y": 312.699462890625
              }
            ]
          }
        ]
      },
      {
        "pageNumber": 1,
        "kind": "Text",
        "boundingBox": {
          "left": 358.53704833984375,
          "top": 1289.87939453125,
          "right": 919.4121704101562,
          "bottom": 1386.764404296875,
          "width": 560.8751220703125,
          "height": 96.885009765625
        },
        "polygons": [
          {
            "boundingBox": {
              "left": 358.53704833984375,
              "top": 1289.87939453125,
              "right": 919.4121704101562,
              "bottom": 1386.764404296875,
              "width": 560.8751220703125,
              "height": 96.885009765625
            },
            "points": [
              {
                "x": 358.53704833984375,
                "y": 1289.87939453125
              },
              {
                "x": 919.4121704101562,
                "y": 1289.87939453125
              },
              {
                "x": 919.4121704101562,
                "y": 1386.764404296875
              },
              {
                "x": 358.53704833984375,
                "y": 1386.764404296875
              }
            ]
          }
        ]
      },
      {
        "pageNumber": 1,
        "kind": "Text",
        "boundingBox": {
          "left": 358.2472839355469,
          "top": 384.6463623046875,
          "right": 919.5867614746094,
          "bottom": 529.9290771484375,
          "width": 561.3394775390625,
          "height": 145.28271484375
        },
        "polygons": [
          {
            "boundingBox": {
              "left": 358.2472839355469,
              "top": 384.6463623046875,
              "right": 919.5867614746094,
              "bottom": 529.9290771484375,
              "width": 561.3394775390625,
              "height": 145.28271484375
            },
            "points": [
              {
                "x": 358.2472839355469,
                "y": 384.6463623046875
              },
              {
                "x": 919.5867614746094,
                "y": 384.6463623046875
              },
              {
                "x": 919.5867614746094,
                "y": 529.9290771484375
              },
              {
                "x": 358.2472839355469,
                "y": 529.9290771484375
              }
            ]
          }
        ]
      },
      {
        "pageNumber": 1,
        "kind": "Text",
        "boundingBox": {
          "left": 358.8410339355469,
          "top": 1056.2982177734375,
          "right": 568.9671630859375,
          "bottom": 1077.41552734375,
          "width": 210.12612915039062,
          "height": 21.1173095703125
        },
        "polygons": [
          {
            "boundingBox": {
              "left": 358.8410339355469,
              "top": 1056.2982177734375,
              "right": 568.9671630859375,
              "bottom": 1077.41552734375,
              "width": 210.12612915039062,
              "height": 21.1173095703125
            },
            "points": [
              {
                "x": 358.8410339355469,
                "y": 1056.2982177734375
              },
              {
                "x": 568.9671630859375,
                "y": 1056.2982177734375
              },
              {
                "x": 568.9671630859375,
                "y": 1077.41552734375
              },
              {
                "x": 358.8410339355469,
                "y": 1077.41552734375
              }
            ]
          }
        ]
      },
      {
        "pageNumber": 1,
        "kind": "Text",
        "boundingBox": {
          "left": 359.1070251464844,
          "top": 351.1020202636719,
          "right": 655.816162109375,
          "bottom": 371.9040832519531,
          "width": 296.7091369628906,
          "height": 20.80206298828125
        },
        "polygons": [
          {
            "boundingBox": {
              "left": 359.1070251464844,
              "top": 351.1020202636719,
              "right": 655.816162109375,
              "bottom": 371.9040832519531,
              "width": 296.7091369628906,
              "height": 20.80206298828125
            },
            "points": [
              {
                "x": 359.1070251464844,
                "y": 351.1020202636719
              },
              {
                "x": 655.816162109375,
                "y": 351.1020202636719
              },
              {
                "x": 655.816162109375,
                "y": 371.9040832519531
              },
              {
                "x": 359.1070251464844,
                "y": 371.9040832519531
              }
            ]
          }
        ]
      },
      {
        "pageNumber": 1,
        "kind": "Text",
        "boundingBox": {
          "left": 909.0383911132812,
          "top": 194.74388122558594,
          "right": 918.3009033203125,
          "bottom": 208.89222717285156,
          "width": 9.26251220703125,
          "height": 14.148345947265625
        },
        "polygons": [
          {
            "boundingBox": {
              "left": 909.0383911132812,
              "top": 194.74388122558594,
              "right": 918.3009033203125,
              "bottom": 208.89222717285156,
              "width": 9.26251220703125,
              "height": 14.148345947265625
            },
            "points": [
              {
                "x": 909.0383911132812,
                "y": 194.74388122558594
              },
              {
                "x": 918.3009033203125,
                "y": 194.74388122558594
              },
              {
                "x": 918.3009033203125,
                "y": 208.89222717285156
              },
              {
                "x": 909.0383911132812,
                "y": 208.89222717285156
              }
            ]
          }
        ]
      },
      {
        "pageNumber": 1,
        "kind": "Text",
        "boundingBox": {
          "left": 357.9933776855469,
          "top": 570.41259765625,
          "right": 918.1230163574219,
          "bottom": 682.2005004882812,
          "width": 560.129638671875,
          "height": 111.78790283203125
        },
        "polygons": [
          {
            "boundingBox": {
              "left": 357.9933776855469,
              "top": 570.41259765625,
              "right": 918.1230163574219,
              "bottom": 682.2005004882812,
              "width": 560.129638671875,
              "height": 111.78790283203125
            },
            "points": [
              {
                "x": 357.9933776855469,
                "y": 570.41259765625
              },
              {
                "x": 918.1230163574219,
                "y": 570.41259765625
              },
              {
                "x": 918.1230163574219,
                "y": 682.2005004882812
              },
              {
                "x": 357.9933776855469,
                "y": 682.2005004882812
              }
            ]
          }
        ]
      },
      {
        "pageNumber": 1,
        "kind": "Text",
        "boundingBox": {
          "left": 357.9933776855469,
          "top": 570.41259765625,
          "right": 918.1230163574219,
          "bottom": 682.2005004882812,
          "width": 560.129638671875,
          "height": 111.78790283203125
        },
        "polygons": [
          {
            "boundingBox": {
              "left": 357.9933776855469,
              "top": 570.41259765625,
              "right": 918.1230163574219,
              "bottom": 682.2005004882812,
              "width": 560.129638671875,
              "height": 111.78790283203125
            },
            "points": [
              {
                "x": 357.9933776855469,
                "y": 570.41259765625
              },
              {
                "x": 918.1230163574219,
                "y": 570.41259765625
              },
              {
                "x": 918.1230163574219,
                "y": 682.2005004882812
              },
              {
                "x": 357.9933776855469,
                "y": 682.2005004882812
              }
            ]
          }
        ]
      },
      {
        "pageNumber": 1,
        "kind": "Text",
        "boundingBox": {
          "left": 456.85382080078125,
          "top": 194.0193328857422,
          "right": 918.2518310546875,
          "bottom": 213.06179809570312,
          "width": 461.39801025390625,
          "height": 19.042465209960938
        },
        "polygons": [
          {
            "boundingBox": {
              "left": 456.85382080078125,
              "top": 194.0193328857422,
              "right": 918.2518310546875,
              "bottom": 213.06179809570312,
              "width": 461.39801025390625,
              "height": 19.042465209960938
            },
            "points": [
              {
                "x": 456.85382080078125,
                "y": 194.0193328857422
              },
              {
                "x": 918.2518310546875,
                "y": 194.0193328857422
              },
              {
                "x": 918.2518310546875,
                "y": 213.06179809570312
              },
              {
                "x": 456.85382080078125,
                "y": 213.06179809570312
              }
            ]
          }
        ]
      },
      {
        "pageNumber": 1,
        "kind": "Text",
        "boundingBox": {
          "left": 456.85382080078125,
          "top": 194.0193328857422,
          "right": 918.2518310546875,
          "bottom": 213.06179809570312,
          "width": 461.39801025390625,
          "height": 19.042465209960938
        },
        "polygons": [
          {
            "boundingBox": {
              "left": 456.85382080078125,
              "top": 194.0193328857422,
              "right": 918.2518310546875,
              "bottom": 213.06179809570312,
              "width": 461.39801025390625,
              "height": 19.042465209960938
            },
            "points": [
              {
                "x": 456.85382080078125,
                "y": 194.0193328857422
              },
              {
                "x": 918.2518310546875,
                "y": 194.0193328857422
              },
              {
                "x": 918.2518310546875,
                "y": 213.06179809570312
              },
              {
                "x": 456.85382080078125,
                "y": 213.06179809570312
              }
            ]
          }
        ]
      },
      {
        "pageNumber": 1,
        "kind": "Text",
        "boundingBox": {
          "left": 456.85382080078125,
          "top": 194.0193328857422,
          "right": 918.2518310546875,
          "bottom": 213.06179809570312,
          "width": 461.39801025390625,
          "height": 19.042465209960938
        },
        "polygons": [
          {
            "boundingBox": {
              "left": 456.85382080078125,
              "top": 194.0193328857422,
              "right": 918.2518310546875,
              "bottom": 213.06179809570312,
              "width": 461.39801025390625,
              "height": 19.042465209960938
            },
            "points": [
              {
                "x": 456.85382080078125,
                "y": 194.0193328857422
              },
              {
                "x": 918.2518310546875,
                "y": 194.0193328857422
              },
              {
                "x": 918.2518310546875,
                "y": 213.06179809570312
              },
              {
                "x": 456.85382080078125,
                "y": 213.06179809570312
              }
            ]
          }
        ]
      },
      {
        "pageNumber": 1,
        "kind": "Text",
        "boundingBox": {
          "left": 456.85382080078125,
          "top": 194.0193328857422,
          "right": 918.2518310546875,
          "bottom": 213.06179809570312,
          "width": 461.39801025390625,
          "height": 19.042465209960938
        },
        "polygons": [
          {
            "boundingBox": {
              "left": 456.85382080078125,
              "top": 194.0193328857422,
              "right": 918.2518310546875,
              "bottom": 213.06179809570312,
              "width": 461.39801025390625,
              "height": 19.042465209960938
            },
            "points": [
              {
                "x": 456.85382080078125,
                "y": 194.0193328857422
              },
              {
                "x": 918.2518310546875,
                "y": 194.0193328857422
              },
              {
                "x": 918.2518310546875,
                "y": 213.06179809570312
              },
              {
                "x": 456.85382080078125,
                "y": 213.06179809570312
              }
            ]
          }
        ]
      },
      {
        "pageNumber": 1,
        "kind": "Text",
        "boundingBox": {
          "left": 359.1070251464844,
          "top": 351.1020202636719,
          "right": 655.816162109375,
          "bottom": 371.9040832519531,
          "width": 296.7091369628906,
          "height": 20.80206298828125
        },
        "polygons": [
          {
            "boundingBox": {
              "left": 359.1070251464844,
              "top": 351.1020202636719,
              "right": 655.816162109375,
              "bottom": 371.9040832519531,
              "width": 296.7091369628906,
              "height": 20.80206298828125
            },
            "points": [
              {
                "x": 359.1070251464844,
                "y": 351.1020202636719
              },
              {
                "x": 655.816162109375,
                "y": 351.1020202636719
              },
              {
                "x": 655.816162109375,
                "y": 371.9040832519531
              },
              {
                "x": 359.1070251464844,
                "y": 371.9040832519531
              }
            ]
          }
        ]
      },
      {
        "pageNumber": 1,
        "kind": "Text",
        "boundingBox": {
          "left": 357.9933776855469,
          "top": 570.41259765625,
          "right": 918.1230163574219,
          "bottom": 682.2005004882812,
          "width": 560.129638671875,
          "height": 111.78790283203125
        },
        "polygons": [
          {
            "boundingBox": {
              "left": 357.9933776855469,
              "top": 570.41259765625,
              "right": 918.1230163574219,
              "bottom": 682.2005004882812,
              "width": 560.129638671875,
              "height": 111.78790283203125
            },
            "points": [
              {
                "x": 357.9933776855469,
                "y": 570.41259765625
              },
              {
                "x": 918.1230163574219,
                "y": 570.41259765625
              },
              {
                "x": 918.1230163574219,
                "y": 682.2005004882812
              },
              {
                "x": 357.9933776855469,
                "y": 682.2005004882812
              }
            ]
          }
        ]
      },
      {
        "pageNumber": 1,
        "kind": "Text",
        "boundingBox": {
          "left": 358.2472839355469,
          "top": 384.6463623046875,
          "right": 919.5867614746094,
          "bottom": 529.9290771484375,
          "width": 561.3394775390625,
          "height": 145.28271484375
        },
        "polygons": [
          {
            "boundingBox": {
              "left": 358.2472839355469,
              "top": 384.6463623046875,
              "right": 919.5867614746094,
              "bottom": 529.9290771484375,
              "width": 561.3394775390625,
              "height": 145.28271484375
            },
            "points": [
              {
                "x": 358.2472839355469,
                "y": 384.6463623046875
              },
              {
                "x": 919.5867614746094,
                "y": 384.6463623046875
              },
              {
                "x": 919.5867614746094,
                "y": 529.9290771484375
              },
              {
                "x": 358.2472839355469,
                "y": 529.9290771484375
              }
            ]
          }
        ]
      },
      {
        "pageNumber": 1,
        "kind": "Text",
        "boundingBox": {
          "left": 358.8410339355469,
          "top": 1056.2982177734375,
          "right": 568.9671630859375,
          "bottom": 1077.41552734375,
          "width": 210.12612915039062,
          "height": 21.1173095703125
        },
        "polygons": [
          {
            "boundingBox": {
              "left": 358.8410339355469,
              "top": 1056.2982177734375,
              "right": 568.9671630859375,
              "bottom": 1077.41552734375,
              "width": 210.12612915039062,
              "height": 21.1173095703125
            },
            "points": [
              {
                "x": 358.8410339355469,
                "y": 1056.2982177734375
              },
              {
                "x": 568.9671630859375,
                "y": 1056.2982177734375
              },
              {
                "x": 568.9671630859375,
                "y": 1077.41552734375
              },
              {
                "x": 358.8410339355469,
                "y": 1077.41552734375
              }
            ]
          }
        ]
      },
      {
        "pageNumber": 1,
        "kind": "Text",
        "boundingBox": {
          "left": 358.53704833984375,
          "top": 1289.87939453125,
          "right": 919.4121704101562,
          "bottom": 1386.764404296875,
          "width": 560.8751220703125,
          "height": 96.885009765625
        },
        "polygons": [
          {
            "boundingBox": {
              "left": 358.53704833984375,
              "top": 1289.87939453125,
              "right": 919.4121704101562,
              "bottom": 1386.764404296875,
              "width": 560.8751220703125,
              "height": 96.885009765625
            },
            "points": [
              {
                "x": 358.53704833984375,
                "y": 1289.87939453125
              },
              {
                "x": 919.4121704101562,
                "y": 1289.87939453125
              },
              {
                "x": 919.4121704101562,
                "y": 1386.764404296875
              },
              {
                "x": 358.53704833984375,
                "y": 1386.764404296875
              }
            ]
          }
        ]
      },
      {
        "pageNumber": 1,
        "kind": "Text",
        "boundingBox": {
          "left": 358.4901428222656,
          "top": 246.8839874267578,
          "right": 919.1610412597656,
          "bottom": 312.699462890625,
          "width": 560.6708984375,
          "height": 65.81547546386719
        },
        "polygons": [
          {
            "boundingBox": {
              "left": 358.4901428222656,
              "top": 246.8839874267578,
              "right": 919.1610412597656,
              "bottom": 312.699462890625,
              "width": 560.6708984375,
              "height": 65.81547546386719
            },
            "points": [
              {
                "x": 358.4901428222656,
                "y": 246.8839874267578
              },
              {
                "x": 919.1610412597656,
                "y": 246.8839874267578
              },
              {
                "x": 919.1610412597656,
                "y": 312.699462890625
              },
              {
                "x": 358.4901428222656,
                "y": 312.699462890625
              }
            ]
          }
        ]
      },
      {
        "pageNumber": 1,
        "kind": "Text",
        "boundingBox": {
          "left": 358.1383972167969,
          "top": 1092.1602783203125,
          "right": 919.5413513183594,
          "bottom": 1285.13916015625,
          "width": 561.4029541015625,
          "height": 192.9788818359375
        },
        "polygons": [
          {
            "boundingBox": {
              "left": 358.1383972167969,
              "top": 1092.1602783203125,
              "right": 919.5413513183594,
              "bottom": 1285.13916015625,
              "width": 561.4029541015625,
              "height": 192.9788818359375
            },
            "points": [
              {
                "x": 358.1383972167969,
                "y": 1092.1602783203125
              },
              {
                "x": 919.5413513183594,
                "y": 1092.1602783203125
              },
              {
                "x": 919.5413513183594,
                "y": 1285.13916015625
              },
              {
                "x": 358.1383972167969,
                "y": 1285.13916015625
              }
            ]
          }
        ]
      }
    ],
    "debugOverlays": [],
    "normalisations": [
      {
        "pageNumber": 1,
        "originalWidth": 1275,
        "originalHeight": 1650,
        "scaledWidth": 1275,
        "scaledHeight": 1650,
        "scale": 1,
        "offsetX": 0,
        "offsetY": 0
      }
    ]
  },
  "stage": "layout_analysis",
  "completedAt": "2025-10-12T06:49:29.277094+00:00"
}