{
  "documentId": "2305.03393v1-pg9-img",
  "sourcePath": "/Users/politom/Documents/Workspace/personal/doclingnet/dataset/2305.03393v1-pg9-img.png",
  "markdownPath": "result.md",
  "assets": [],
  "properties": {},
  "layoutDebugOverlays": [
    "debug/layout/layout_page_0001.png"
  ],
  "imageDebugArtifacts": [],
  "tableDebugImages": [],
  "workflowDebugFiles": [
    "debug/workflow/01_page_preprocessing.json",
    "debug/workflow/02_layout_analysis.json",
    "debug/workflow/03_table_structure.json",
    "debug/workflow/04_ocr.json",
    "debug/workflow/05_page_assembly.json",
    "debug/workflow/06_image_export.json",
    "debug/workflow/07_markdown_serialization.json"
  ],
  "exportedImageCount": 1,
  "generatedAt": "2025-10-11T05:47:11.697833+00:00"
}