{
  "data": {
    "completed": true,
    "itemCount": 2,
    "debugOverlayCount": 0,
    "normalisationCount": 1,
    "items": [
      {
        "pageNumber": 1,
        "kind": "Table",
        "boundingBox": {
          "left": 179.7350311279297,
          "top": 409.4486389160156,
          "right": 462.3877410888672,
          "bottom": 538.1629638671875,
          "width": 282.6527099609375,
          "height": 128.71432495117188
        },
        "polygons": [
          {
            "boundingBox": {
              "left": 179.7350311279297,
              "top": 409.4486389160156,
              "right": 462.3877410888672,
              "bottom": 538.1629638671875,
              "width": 282.6527099609375,
              "height": 128.71432495117188
            },
            "points": [
              {
                "x": 179.7350311279297,
                "y": 409.4486389160156
              },
              {
                "x": 462.3877410888672,
                "y": 409.4486389160156
              },
              {
                "x": 462.3877410888672,
                "y": 538.1629638671875
              },
              {
                "x": 179.7350311279297,
                "y": 538.1629638671875
              }
            ]
          }
        ]
      },
      {
        "pageNumber": 1,
        "kind": "Table",
        "boundingBox": {
          "left": 178.80050659179688,
          "top": 75.2071533203125,
          "right": 462.1216735839844,
          "bottom": 265.0536804199219,
          "width": 283.3211669921875,
          "height": 189.84652709960938
        },
        "polygons": [
          {
            "boundingBox": {
              "left": 178.80050659179688,
              "top": 75.2071533203125,
              "right": 462.1216735839844,
              "bottom": 265.0536804199219,
              "width": 283.3211669921875,
              "height": 189.84652709960938
            },
            "points": [
              {
                "x": 178.80050659179688,
                "y": 75.2071533203125
              },
              {
                "x": 462.1216735839844,
                "y": 75.2071533203125
              },
              {
                "x": 462.1216735839844,
                "y": 265.0536804199219
              },
              {
                "x": 178.80050659179688,
                "y": 265.0536804199219
              }
            ]
          }
        ]
      }
    ],
    "debugOverlays": [],
    "normalisations": [
      {
        "pageNumber": 1,
        "originalWidth": 1275,
        "originalHeight": 1650,
        "scaledWidth": 1275,
        "scaledHeight": 1650,
        "scale": 1,
        "offsetX": 0,
        "offsetY": 0
      }
    ]
  },
  "stage": "layout_analysis",
  "completedAt": "2025-10-12T05:30:25.88161+00:00"
}