{
  "data": {
    "tableCount": 0,
    "tables": []
  },
  "stage": "table_structure",
  "completedAt": "2025-09-30T18:02:34.2048417+00:00"
}