{
  "data": {
    "completed": true,
    "markdownLength": 335,
    "assetCount": 0,
    "metadata": {},
    "markdown": "re Recognition\nts for \u0026ll experiments\nAMD EPYC 7763\nith\n\nents\n7763\ndes \u0026\nle and\n} It is\nlightly\nC speed\ne sare\n122]. Ef-\n1aw that\ncomplex\nnterpart_\nerence\n2 (secs)\n2.73\n5.39\n1.97\n\n0.843 L\n938\n1.91\n915 { 0.859\n3.81\n931 } 0834\n1.22\n.942 | 0.857\n2\n1.931 { 0.824\nthe best prediction\nroduced\nindependently\nalone , then\nDr] TabNet (395k\nCal\n",
    "assets": []
  },
  "stage": "markdown_serialization",
  "completedAt": "2025-09-30T18:02:55.7859743+00:00"
}