{
  "data": {
    "completed": true,
    "itemCount": 4,
    "debugOverlayCount": 0,
    "normalisationCount": 1,
    "items": [
      {
        "pageNumber": 1,
        "kind": "Table",
        "boundingBox": {
          "left": 279.3994445800781,
          "top": 247.12985229492188,
          "right": 1003.0430603027344,
          "bottom": 683.3442687988281,
          "width": 723.6436157226562,
          "height": 436.21441650390625
        },
        "polygons": [
          {
            "boundingBox": {
              "left": 279.3994445800781,
              "top": 247.12985229492188,
              "right": 1003.0430603027344,
              "bottom": 683.3442687988281,
              "width": 723.6436157226562,
              "height": 436.21441650390625
            },
            "points": [
              {
                "x": 279.3994445800781,
                "y": 247.12985229492188
              },
              {
                "x": 1003.0430603027344,
                "y": 247.12985229492188
              },
              {
                "x": 1003.0430603027344,
                "y": 683.3442687988281
              },
              {
                "x": 279.3994445800781,
                "y": 683.3442687988281
              }
            ]
          }
        ]
      },
      {
        "pageNumber": 1,
        "kind": "Table",
        "boundingBox": {
          "left": 279.3377685546875,
          "top": 1091.1746826171875,
          "right": 1002.6936645507812,
          "bottom": 1387.2810974121094,
          "width": 723.3558959960938,
          "height": 296.1064147949219
        },
        "polygons": [
          {
            "boundingBox": {
              "left": 279.3377685546875,
              "top": 1091.1746826171875,
              "right": 1002.6936645507812,
              "bottom": 1387.2810974121094,
              "width": 723.3558959960938,
              "height": 296.1064147949219
            },
            "points": [
              {
                "x": 279.3377685546875,
                "y": 1091.1746826171875
              },
              {
                "x": 1002.6936645507812,
                "y": 1091.1746826171875
              },
              {
                "x": 1002.6936645507812,
                "y": 1387.2810974121094
              },
              {
                "x": 279.3377685546875,
                "y": 1387.2810974121094
              }
            ]
          }
        ]
      },
      {
        "pageNumber": 1,
        "kind": "Figure",
        "boundingBox": {
          "left": 279.713623046875,
          "top": 1056.4560546875,
          "right": 550.8453979492188,
          "bottom": 1108.194164276123,
          "width": 271.13177490234375,
          "height": 51.73810958862305
        },
        "polygons": [
          {
            "boundingBox": {
              "left": 279.713623046875,
              "top": 1056.4560546875,
              "right": 550.8453979492188,
              "bottom": 1108.194164276123,
              "width": 271.13177490234375,
              "height": 51.73810958862305
            },
            "points": [
              {
                "x": 279.713623046875,
                "y": 1056.4560546875
              },
              {
                "x": 550.8453979492188,
                "y": 1056.4560546875
              },
              {
                "x": 550.8453979492188,
                "y": 1108.194164276123
              },
              {
                "x": 279.713623046875,
                "y": 1108.194164276123
              }
            ]
          }
        ]
      },
      {
        "pageNumber": 1,
        "kind": "Text",
        "boundingBox": {
          "left": 279.8031921386719,
          "top": 295.7609558105469,
          "right": 436.7692108154297,
          "bottom": 312.96811866760254,
          "width": 156.9660186767578,
          "height": 17.207162857055664
        },
        "polygons": [
          {
            "boundingBox": {
              "left": 279.8031921386719,
              "top": 295.7609558105469,
              "right": 436.7692108154297,
              "bottom": 312.96811866760254,
              "width": 156.9660186767578,
              "height": 17.207162857055664
            },
            "points": [
              {
                "x": 279.8031921386719,
                "y": 295.7609558105469
              },
              {
                "x": 436.7692108154297,
                "y": 295.7609558105469
              },
              {
                "x": 436.7692108154297,
                "y": 312.96811866760254
              },
              {
                "x": 279.8031921386719,
                "y": 312.96811866760254
              }
            ]
          }
        ]
      }
    ],
    "debugOverlays": [],
    "normalisations": [
      {
        "pageNumber": 1,
        "originalWidth": 1275,
        "originalHeight": 1650,
        "scaledWidth": 495,
        "scaledHeight": 640,
        "scale": 0.3878787878787879,
        "offsetX": 72.72727966308594,
        "offsetY": 0
      }
    ]
  },
  "stage": "layout_analysis",
  "completedAt": "2025-10-12T05:18:00.896809+00:00"
}