{
  "data": {
    "completed": true,
    "itemCount": 8,
    "debugOverlayCount": 0,
    "normalisationCount": 1,
    "items": [
      {
        "pageNumber": 1,
        "kind": "Table",
        "boundingBox": {
          "left": 1384.504638671875,
          "top": 610.4237670898438,
          "right": 2446.60693359375,
          "bottom": 1573.8128051757812,
          "width": 1062.102294921875,
          "height": 963.3890380859375
        },
        "polygons": [
          {
            "boundingBox": {
              "left": 1384.504638671875,
              "top": 610.4237670898438,
              "right": 2446.60693359375,
              "bottom": 1573.8128051757812,
              "width": 1062.102294921875,
              "height": 963.3890380859375
            },
            "points": [
              {
                "x": 1384.504638671875,
                "y": 610.4237670898438
              },
              {
                "x": 2446.60693359375,
                "y": 610.4237670898438
              },
              {
                "x": 2446.60693359375,
                "y": 1573.8128051757812
              },
              {
                "x": 1384.504638671875,
                "y": 1573.8128051757812
              }
            ]
          }
        ]
      },
      {
        "pageNumber": 1,
        "kind": "Table",
        "boundingBox": {
          "left": 1349.6719970703125,
          "top": 207.79627990722656,
          "right": 2357.8667602539062,
          "bottom": 582.7767791748047,
          "width": 1008.1947631835938,
          "height": 374.9804992675781
        },
        "polygons": [
          {
            "boundingBox": {
              "left": 1349.6719970703125,
              "top": 207.79627990722656,
              "right": 2357.8667602539062,
              "bottom": 582.7767791748047,
              "width": 1008.1947631835938,
              "height": 374.9804992675781
            },
            "points": [
              {
                "x": 1349.6719970703125,
                "y": 207.79627990722656
              },
              {
                "x": 2357.8667602539062,
                "y": 207.79627990722656
              },
              {
                "x": 2357.8667602539062,
                "y": 582.7767791748047
              },
              {
                "x": 1349.6719970703125,
                "y": 582.7767791748047
              }
            ]
          }
        ]
      },
      {
        "pageNumber": 1,
        "kind": "Table",
        "boundingBox": {
          "left": 440.1797790527344,
          "top": 1707.2283935546875,
          "right": 1483.1949157714844,
          "bottom": 2339.5192260742188,
          "width": 1043.01513671875,
          "height": 632.2908325195312
        },
        "polygons": [
          {
            "boundingBox": {
              "left": 440.1797790527344,
              "top": 1707.2283935546875,
              "right": 1483.1949157714844,
              "bottom": 2339.5192260742188,
              "width": 1043.01513671875,
              "height": 632.2908325195312
            },
            "points": [
              {
                "x": 440.1797790527344,
                "y": 1707.2283935546875
              },
              {
                "x": 1483.1949157714844,
                "y": 1707.2283935546875
              },
              {
                "x": 1483.1949157714844,
                "y": 2339.5192260742188
              },
              {
                "x": 440.1797790527344,
                "y": 2339.5192260742188
              }
            ]
          }
        ]
      },
      {
        "pageNumber": 1,
        "kind": "Table",
        "boundingBox": {
          "left": 407.8494873046875,
          "top": 1339.261474609375,
          "right": 1410.6754150390625,
          "bottom": 1717.0033874511719,
          "width": 1002.825927734375,
          "height": 377.7419128417969
        },
        "polygons": [
          {
            "boundingBox": {
              "left": 407.8494873046875,
              "top": 1339.261474609375,
              "right": 1410.6754150390625,
              "bottom": 1717.0033874511719,
              "width": 1002.825927734375,
              "height": 377.7419128417969
            },
            "points": [
              {
                "x": 407.8494873046875,
                "y": 1339.261474609375
              },
              {
                "x": 1410.6754150390625,
                "y": 1339.261474609375
              },
              {
                "x": 1410.6754150390625,
                "y": 1717.0033874511719
              },
              {
                "x": 407.8494873046875,
                "y": 1717.0033874511719
              }
            ]
          }
        ]
      },
      {
        "pageNumber": 1,
        "kind": "Table",
        "boundingBox": {
          "left": 313.5783386230469,
          "top": 291.3166809082031,
          "right": 1343.7204284667969,
          "bottom": 936.7302551269531,
          "width": 1030.14208984375,
          "height": 645.41357421875
        },
        "polygons": [
          {
            "boundingBox": {
              "left": 313.5783386230469,
              "top": 291.3166809082031,
              "right": 1343.7204284667969,
              "bottom": 936.7302551269531,
              "width": 1030.14208984375,
              "height": 645.41357421875
            },
            "points": [
              {
                "x": 313.5783386230469,
                "y": 291.3166809082031
              },
              {
                "x": 1343.7204284667969,
                "y": 291.3166809082031
              },
              {
                "x": 1343.7204284667969,
                "y": 936.7302551269531
              },
              {
                "x": 313.5783386230469,
                "y": 936.7302551269531
              }
            ]
          }
        ]
      },
      {
        "pageNumber": 1,
        "kind": "Table",
        "boundingBox": {
          "left": 372.8367004394531,
          "top": 975.4850463867188,
          "right": 1379.5696105957031,
          "bottom": 1361.0435791015625,
          "width": 1006.73291015625,
          "height": 385.55853271484375
        },
        "polygons": [
          {
            "boundingBox": {
              "left": 372.8367004394531,
              "top": 975.4850463867188,
              "right": 1379.5696105957031,
              "bottom": 1361.0435791015625,
              "width": 1006.73291015625,
              "height": 385.55853271484375
            },
            "points": [
              {
                "x": 372.8367004394531,
                "y": 975.4850463867188
              },
              {
                "x": 1379.5696105957031,
                "y": 975.4850463867188
              },
              {
                "x": 1379.5696105957031,
                "y": 1361.0435791015625
              },
              {
                "x": 372.8367004394531,
                "y": 1361.0435791015625
              }
            ]
          }
        ]
      },
      {
        "pageNumber": 1,
        "kind": "Table",
        "boundingBox": {
          "left": 1472.693359375,
          "top": 1621.9197998046875,
          "right": 2468.7777099609375,
          "bottom": 1789.7303924560547,
          "width": 996.0843505859375,
          "height": 167.8105926513672
        },
        "polygons": [
          {
            "boundingBox": {
              "left": 1472.693359375,
              "top": 1621.9197998046875,
              "right": 2468.7777099609375,
              "bottom": 1789.7303924560547,
              "width": 996.0843505859375,
              "height": 167.8105926513672
            },
            "points": [
              {
                "x": 1472.693359375,
                "y": 1621.9197998046875
              },
              {
                "x": 2468.7777099609375,
                "y": 1621.9197998046875
              },
              {
                "x": 2468.7777099609375,
                "y": 1789.7303924560547
              },
              {
                "x": 1472.693359375,
                "y": 1789.7303924560547
              }
            ]
          }
        ]
      },
      {
        "pageNumber": 1,
        "kind": "Text",
        "boundingBox": {
          "left": 1034.4765625,
          "top": 2385.666748046875,
          "right": 1443.4329833984375,
          "bottom": 2550.1151275634766,
          "width": 408.9564208984375,
          "height": 164.44837951660156
        },
        "polygons": [
          {
            "boundingBox": {
              "left": 1034.4765625,
              "top": 2385.666748046875,
              "right": 1443.4329833984375,
              "bottom": 2550.1151275634766,
              "width": 408.9564208984375,
              "height": 164.44837951660156
            },
            "points": [
              {
                "x": 1034.4765625,
                "y": 2385.666748046875
              },
              {
                "x": 1443.4329833984375,
                "y": 2385.666748046875
              },
              {
                "x": 1443.4329833984375,
                "y": 2550.1151275634766
              },
              {
                "x": 1034.4765625,
                "y": 2550.1151275634766
              }
            ]
          }
        ]
      }
    ],
    "debugOverlays": [],
    "normalisations": [
      {
        "pageNumber": 1,
        "originalWidth": 2747,
        "originalHeight": 3428,
        "scaledWidth": 513,
        "scaledHeight": 640,
        "scale": 0.1866977829638273,
        "offsetX": 63.570587158203125,
        "offsetY": 0
      }
    ]
  },
  "stage": "layout_analysis",
  "completedAt": "2025-10-12T04:20:04.152808+00:00"
}