{
  "data": {
    "completed": true,
    "pageCount": 1,
    "pages": [
      {
        "pageNumber": 1,
        "dpi": 300,
        "cached": true
      }
    ]
  },
  "stage": "page_preprocessing",
  "completedAt": "2025-09-30T10:39:14.5117649+00:00"
}