{
  "data": {
    "completed": true,
    "itemCount": 0,
    "debugOverlayCount": 0,
    "items": [],
    "debugOverlays": []
  },
  "stage": "layout_analysis",
  "completedAt": "2025-09-30T10:39:18.4878773+00:00"
}