{
  "data": {
    "completed": true,
    "markdownLength": 0,
    "assetCount": 0,
    "metadata": {},
    "markdown": "",
    "assets": []
  },
  "stage": "markdown_serialization",
  "completedAt": "2025-09-30T10:39:20.1807609+00:00"
}