{
  "data": {
    "completed": true,
    "documentId": "2305.03393v1-pg9-img",
    "sourceId": "2305.03393v1-pg9-img",
    "createdAt": "2025-09-30T10:29:10.0199945+00:00",
    "pageCount": 1,
    "pages": [
      {
        "pageNumber": 1,
        "dpi": 300
      }
    ],
    "properties": {},
    "itemCount": 0,
    "items": []
  },
  "stage": "page_assembly",
  "completedAt": "2025-09-30T10:29:10.0310007+00:00"
}